* Save Unstructured (Text) Results to RaceRoster.
*
*   When to use:    After the race to publish final unstructured text results.
*   How to use:     Double-click to upload results to RaceRoster.
*
*   Setup:
*     Pass the RaceRoster sub-event ID, destination filename, and race code below.
*     Example (direct):  ResultsUnsOnline.rsm   297655   "~results_5K.txt"   5K
*     Example (Entries): ResultsUnsOnline.rsm   %rr_5k_u%   "~results_5K.txt"   5K
*
*   Recommendation:
*     - If you publish both structured and unstructured results, use separate
*       RaceRoster sub-event IDs (e.g. %rr_5k% for structured, %rr_5k_u% for
*       unstructured). Define them once in Entries.INI rather than hardcoding IDs
*       in multiple listings and RSMs -- this avoids forgetting to update one file.
*     - Prefix the destination filename with ~ (e.g. "~results_5K.txt"). The tilde
*       creates the file in the race directory; without it, the file is created in
*       the binary directory, which can cause issues when switching races.

ResultsUnsOnline.rsm   %rr_5k_u%   "~results_5K.txt"   5K
ResultsUnsOnline.rsm   %rr_10k_u%   "~results_10K.txt"   10K
ResultsUnsOnline.rsm   %rr_half_u%   "~results_half.txt"   HALF
ResultsUnsOnline.rsm   %rr_full_u%   "~results_full.txt"   FULL
