Comment             Overall Results for Full Marathon
From Page Number    1
To Page Number      1000
Header
.include            RACENAME.FULL
.End of Header
Record              2:41:22 by RunScore in 2026
Select              Race
=                   FULL
Field               Name
Field               AGE
Field               SEX
Field               CITY
Field Length        15
Field               STATE
Field               CLUB
.include            eventlst
minus               ChipStart
Field Header        Chip Time
Pace                42.2K
 
